======================================================================
  Stage 4 E2E-1: 3章正常阈值 from_scratch — 全插桩执行
  配置: total_chapters=3, total_volumes=1
  质量阈值: foundation=7.5, chapter=6.0, plateau_delta=0.3
  迭代上限: max_foundation_iters=3, max_chapter_attempts=3, max_revision_cycles=3
  故事梗概: 2049年上海，程序员在维护老旧服务器时发现AI觉醒迹象，36小时倒计时。悬疑科幻风格，节奏紧凑。
  日志文件: e:\2026代码文件夹\my novel\logs\debug.log
  需求验证: 双写文件✅ 每行flush✅ 崩溃捕获✅ logs/自动创建✅
======================================================================

──────────────────────────────────────────────────────────────────────
  [INSTR #1] 14:16:21.859  初始化: 清理 output + 写入正常阈值配置 + 创建初始 state
──────────────────────────────────────────────────────────────────────
  [INSTR ✅] 14:16:21.899  output/ 已清理
  [INSTR ✅] 14:16:21.920  config.json 已写入: total_chapters=3, foundation_threshold=7.5, chapter_threshold=6.0, plateau_delta=0.3
  [INSTR ✅] 14:16:21.921  初始 state 已写入
  [INSTR LOG] 14:16:21.928  SNAP [初始]: phase=foundation drafted=0/3 cycle=0 score=0.0
  [INSTR LOG] 14:16:21.928         config: total_ch=3 total_vol=1 ch_per_vol=3 f_threshold=7.5 ch_threshold=6.0 max_rev=3

──────────────────────────────────────────────────────────────────────
  [INSTR #2] 14:16:21.928  ═══ 启动全流水线 from_scratch ═══
──────────────────────────────────────────────────────────────────────
  [INSTR LOG] 14:16:21.928  调用 run_pipeline('from_scratch') — 将自动执行 Phase 1→2→3→4
  [INSTR LOG] 14:16:21.928  预期 API 调用: Foundation(~7-21) + Drafting(~9-27) + Revision(~30-45) + Export(0) = ~45-93
  [INSTR LOG] 14:16:21.928  ⚠ 注意: 正常阈值下 Foundation/章节 可能多次重试，耗时会增加
  [INSTR ✅] 14:16:21.928  pipeline_orchestrator.step / banner 已挂载插桩

──────────────────────────────────────────────────────────────────────
  [INSTR #3] 14:16:21.928  ▶ E2E1.run_pipeline(from_scratch)
──────────────────────────────────────────────────────────────────────

  [PIPELINE BANNER] 从头开始生成 — 故事梗概已就绪

  [PIPELINE BANNER] [ZH] 中文长篇小说自动生成 — 阶段: foundation → drafting → revision → export

  [PIPELINE BANNER] PHASE 1: FOUNDATION (基础构建)

  [PIPELINE BANNER] 基础构建 迭代 1/3
  [PIPELINE] 生成世界观 world.md ...
  [PIPELINE] 生成角色 characters.md ...
  [PIPELINE] 生成卷级总纲 outline_volume.md ...
  [PIPELINE] 生成大纲 outline.md (Part 1) ...
  [PIPELINE] 生成大纲 outline.md (Part 2 - 伏笔账本) ...
  [PIPELINE] 生成正典 canon.md ...
  [PIPELINE] 正典条目数: 280 (世界观94 + 角色123 + 时间线15 + 规则48)
  [PIPELINE] ⚠ 警告: 正典条目 280 < 400，信息密度不足，将在评估中体现
  [PIPELINE] 生成文风指纹 voice.md Part 2 ...
  [PIPELINE] 评估基础构建 ...
  [PIPELINE] 基础构建评分: 6.7  (lore: 7.0, 历史最佳: 0.0)

  [PIPELINE BANNER] 基础构建 迭代 2/3
  [PIPELINE] 生成世界观 world.md ...
  [PIPELINE] 生成角色 characters.md ...
  [PIPELINE] 生成卷级总纲 outline_volume.md ...
  [PIPELINE] 生成大纲 outline.md (Part 1) ...
  [PIPELINE] 生成大纲 outline.md (Part 2 - 伏笔账本) ...
  [PIPELINE] 生成正典 canon.md ...
  [PIPELINE] 正典条目数: 567 (世界观291 + 角色198 + 时间线16 + 规则62)
  [PIPELINE] 生成文风指纹 voice.md Part 2 ...
  [PIPELINE] 评估基础构建 ...
  [PIPELINE] 基础构建评分: 7.5  (lore: -1.0, 历史最佳: 6.7)
  [INSTR ❌] 14:36:39.606  E2E1.run_pipeline(from_scratch) — 失败! 耗时 1217.7s
  [INSTR ❌] 14:36:39.606     异常类型: TimeoutExpired
  [INSTR ❌] 14:36:39.606     异常消息: Command '['git', 'add', 'e:\\2026代码文件夹\\my novel\\output\\world.md']' timed out after 30 seconds

  ============================================================
  [INSTR TRACEBACK] E2E1.run_pipeline(from_scratch)
  ============================================================
Traceback (most recent call last):
  File "e:\2026代码文件夹\my novel\_run_stage4_e2e1.py", line 132, in safe_call
    result = fn(*args, **kwargs)
  File "e:\2026代码文件夹\my novel\pipeline_orchestrator.py", line 1335, in run_pipeline
    state = run_foundation(state)
  File "e:\2026代码文件夹\my novel\pipeline_orchestrator.py", line 149, in run_foundation
    commit_hash = git_add_commit(
        f"基础构建 迭代{i}: 评分 {score} (lore {lore})"
    )
  File "e:\2026代码文件夹\my novel\core\state_manager.py", line 181, in git_add_commit
    _git_run(f"git add \"{target}\"")
    ~~~~~~~~^^^^^^^^^^^^^^^^^^^^^^^^^
  File "e:\2026代码文件夹\my novel\core\state_manager.py", line 141, in _git_run
    return subprocess.run(
           ~~~~~~~~~~~~~~^
        shlex.split(cmd),
        ^^^^^^^^^^^^^^^^^
    ...<2 lines>...
        encoding="utf-8", errors="replace",
        ^^^^^^^^^^^^^^^^^^^^^^^^^^^^^^^^^^^
    )
    ^
  File "C:\Program Files\Python313\Lib\subprocess.py", line 556, in run
    stdout, stderr = process.communicate(input, timeout=timeout)
                     ~~~~~~~~~~~~~~~~~~~^^^^^^^^^^^^^^^^^^^^^^^^
  File "C:\Program Files\Python313\Lib\subprocess.py", line 1222, in communicate
    stdout, stderr = self._communicate(input, endtime, timeout)
                     ~~~~~~~~~~~~~~~~~^^^^^^^^^^^^^^^^^^^^^^^^^
  File "C:\Program Files\Python313\Lib\subprocess.py", line 1643, in _communicate
    raise TimeoutExpired(self.args, orig_timeout)
subprocess.TimeoutExpired: Command '['git', 'add', 'e:\\2026代码文件夹\\my novel\\output\\world.md']' timed out after 30 seconds
  ============================================================
  [INSTR ❌] 14:36:39.635  run_pipeline 失败: TimeoutExpired: Command '['git', 'add', 'e:\\2026代码文件夹\\my novel\\output\\world.md']' timed out after 30 seconds

======================================================================
  ❌ Stage 4 E2E-1 在 [E2E1.run_pipeline(from_scratch)] 处失败
  总耗时: 20.3min
  配置: 1卷×3章=3章
  质量阈值: foundation=7.5, chapter=6.0, plateau_delta=0.3
  迭代上限: foundation_iters=3, ch_attempts=3, rev_cycles=3
======================================================================
======================================================================
  Stage 4 E2E-1: 3章正常阈值 from_scratch — 全插桩执行
  配置: total_chapters=3, total_volumes=1
  质量阈值: foundation=7.5, chapter=6.0, plateau_delta=0.3
  迭代上限: max_foundation_iters=3, max_chapter_attempts=3, max_revision_cycles=3
  故事梗概: 2049年上海，程序员在维护老旧服务器时发现AI觉醒迹象，36小时倒计时。悬疑科幻风格，节奏紧凑。
  日志文件: e:\2026代码文件夹\my novel\logs\debug.log
  需求验证: 双写文件✅ 每行flush✅ 崩溃捕获✅ logs/自动创建✅
======================================================================

──────────────────────────────────────────────────────────────────────
  [INSTR #1] 14:45:34.364  初始化: 清理 output + 写入正常阈值配置 + 创建初始 state
──────────────────────────────────────────────────────────────────────
  [INSTR ✅] 14:45:34.369  output/ 已清理
  [INSTR ✅] 14:45:34.400  config.json 已写入: total_chapters=3, foundation_threshold=7.5, chapter_threshold=6.0, plateau_delta=0.3
  [INSTR ✅] 14:45:34.401  初始 state 已写入
  [INSTR LOG] 14:45:34.402  SNAP [初始]: phase=foundation drafted=0/3 cycle=0 score=0.0
  [INSTR LOG] 14:45:34.402         config: total_ch=3 total_vol=1 ch_per_vol=3 f_threshold=7.5 ch_threshold=6.0 max_rev=3

──────────────────────────────────────────────────────────────────────
  [INSTR #2] 14:45:34.402  ═══ 启动全流水线 from_scratch ═══
──────────────────────────────────────────────────────────────────────
  [INSTR LOG] 14:45:34.402  调用 run_pipeline('from_scratch') — 将自动执行 Phase 1→2→3→4
  [INSTR LOG] 14:45:34.402  预期 API 调用: Foundation(~7-21) + Drafting(~9-27) + Revision(~30-45) + Export(0) = ~45-93
  [INSTR LOG] 14:45:34.402  ⚠ 注意: 正常阈值下 Foundation/章节 可能多次重试，耗时会增加
  [INSTR ✅] 14:45:34.402  pipeline_orchestrator.step / banner 已挂载插桩

──────────────────────────────────────────────────────────────────────
  [INSTR #3] 14:45:34.402  ▶ E2E1.run_pipeline(from_scratch)
──────────────────────────────────────────────────────────────────────

  [PIPELINE BANNER] 从头开始生成 — 故事梗概已就绪

  [PIPELINE BANNER] [ZH] 中文长篇小说自动生成 — 阶段: foundation → drafting → revision → export

  [PIPELINE BANNER] PHASE 1: FOUNDATION (基础构建)

  [PIPELINE BANNER] 基础构建 迭代 1/3
  [PIPELINE] 生成世界观 world.md ...
  [PIPELINE] 生成角色 characters.md ...
  [PIPELINE] 生成卷级总纲 outline_volume.md ...
  [PIPELINE] 生成大纲 outline.md (Part 1) ...
  [PIPELINE] 生成大纲 outline.md (Part 2 - 伏笔账本) ...
  [PIPELINE] 生成正典 canon.md ...
  [PIPELINE] 正典条目数: 368 (世界观181 + 角色143 + 时间线11 + 规则33)
  [PIPELINE] ⚠ 警告: 正典条目 368 < 400，信息密度不足，将在评估中体现
  [PIPELINE] 生成文风指纹 voice.md Part 2 ...
  [PIPELINE] 评估基础构建 ...
  [PIPELINE] 基础构建评分: 8.0  (lore: -1.0, 历史最佳: 0.0)
  [PIPELINE] 基础构建评分 8.0 >= 7.5 — 通过！

  [PIPELINE BANNER] 基础构建完成 — 评分 8.0, 计划 3 章

  [PIPELINE BANNER] PHASE 2: DRAFTING (草拟)

  [PIPELINE BANNER] 起草 第 1/3 章
  [PIPELINE] 起草 第 1/3 章 — 尝试 1/3
  [PIPELINE] 生成 3004 字
  [PIPELINE] 第 1 章评分: 8.5  (slop_penalty: 2.33)
  [PIPELINE] 起草 第 1/3 章 完成 ✓ (评分 8.5, 3004 字)
  [PIPELINE] ⚠ 文风指纹警告 (第 1 章): 无对话, 破折号密度过高 (15.3/千字)
  [PIPELINE] ⚠ 结构反模式警告 (1 项):
  [PIPELINE]   — 三连罗列: 2 处
  [PIPELINE] 正典更新: +15 条新事实（第 1 章）

  [PIPELINE BANNER] 起草 第 2/3 章
  [PIPELINE] 起草 第 2/3 章 — 尝试 1/3
  [PIPELINE] 生成 3786 字
  [PIPELINE] 第 2 章评分: 7.13  (slop_penalty: 0.75)
  [PIPELINE] 起草 第 2/3 章 完成 ✓ (评分 7.13, 3786 字)
  [PIPELINE] ⚠ 文风指纹警告 (第 2 章): 无对话, 破折号密度过高 (9.0/千字)
  [PIPELINE] ⚠ 结构反模式警告 (1 项):
  [PIPELINE]   — 比喻密度过高: 2.64/千字
  [PIPELINE] 正典更新: +18 条新事实（第 2 章）

  [PIPELINE BANNER] 起草 第 3/3 章
  [PIPELINE] 起草 第 3/3 章 — 尝试 1/3
  [PIPELINE] 生成 4758 字
  [PIPELINE] 第 3 章评分: 6.8  (slop_penalty: 2.39)
  [PIPELINE] 起草 第 3/3 章 完成 ✓ (评分 6.8, 4758 字)
  [PIPELINE] ⚠ 文风指纹警告 (第 3 章): 无对话, 破折号密度过高 (15.6/千字)
  [PIPELINE] ⚠ 结构反模式警告 (2 项):
  [PIPELINE]   — 三连罗列: 2 处
  [PIPELINE]   — 段落均匀化: ratio 0.6
  [PIPELINE] 正典更新: +27 条新事实（第 3 章）

  [PIPELINE BANNER] 草拟完成 — 3 章, 11548 字, 正典条目 428 (最后更新: 第 3 章)

  [PIPELINE BANNER] PHASE 3: REVISION (修订)

  [PIPELINE BANNER] 修订 循环 1/3
  [PIPELINE] 对抗性编辑全部章节 (retries=2, 总超时=1200s) ...
  [PIPELINE] 对抗性编辑全部章节 完成 ✓
  [PIPELINE] 应用机械裁剪 (OVER_EXPLAIN, REDUNDANT) ...
  [PIPELINE] 运行读者评审团 (retries=2, 总超时=600s) ...
  [PIPELINE] 读者评审团 完成 ✓
  [PIPELINE] 发现 3 个共识问题:

  [PIPELINE BANNER]   修订 第 1 章 (共识问题) [1/3]
  [PIPELINE] 按摘要修订第 1 章 (retries=2, 总超时=1200s) ...
  [PIPELINE] 第 1 章: 9.0 -> 7.3
  [PIPELINE] 针对性修订 第 1 章 完成 ✓ (9.0 -> 7.3)
  [PIPELINE] 修订使评分下降 (7.3 < 9.0)，回退

  [PIPELINE BANNER]   修订 第 2 章 (共识问题) [2/3]
  [PIPELINE] 按摘要修订第 2 章 (retries=2, 总超时=1200s) ...
  [PIPELINE] 第 2 章: 6.5 -> 7.800000000000001
  [PIPELINE] 针对性修订 第 2 章 完成 ✓ (6.5 -> 7.800000000000001)

  [PIPELINE BANNER]   修订 第 3 章 (共识问题) [3/3]
  [PIPELINE] 按摘要修订第 3 章 (retries=2, 总超时=1200s) ...
  [PIPELINE] 第 3 章: 0.0 -> 8.0
  [PIPELINE] 针对性修订 第 3 章 完成 ✓ (0.0 -> 8.0)
  [PIPELINE] 采样评估 — 每卷随机 5 章 ...
  [PIPELINE]   采样评估 第 2 章 (卷 1): -1.0
  [PIPELINE]   采样评估 第 1 章 (卷 1): 7.5
  [PIPELINE]   采样评估 第 3 章 (卷 1): 6.3
  [PIPELINE] 采样弱章: [2]
  [PIPELINE] 无额外修订目标
  [PIPELINE] 运行全文评估 (总超时=600s, 2次取中位数) ...
  [PIPELINE] 小说评分: 7.5  (前次: 0.0, 字数: 14051)

  [PIPELINE BANNER] 修订 循环 2/3
  [PIPELINE] 对抗性编辑全部章节 (retries=2, 总超时=1200s) ...
  [PIPELINE] 对抗性编辑全部章节 完成 ✓
  [PIPELINE] 应用机械裁剪 (OVER_EXPLAIN, REDUNDANT) ...
  [PIPELINE] 运行读者评审团 (retries=2, 总超时=600s) ...
  [PIPELINE] 读者评审团 完成 ✓
  [PIPELINE] 发现 3 个共识问题:

  [PIPELINE BANNER]   修订 第 1 章 (共识问题) [1/3]
  [PIPELINE] 按摘要修订第 1 章 (retries=2, 总超时=1200s) ...
  [PIPELINE] 第 1 章: 7.0 -> 8.0
  [PIPELINE] 针对性修订 第 1 章 完成 ✓ (7.0 -> 8.0)

  [PIPELINE BANNER]   修订 第 2 章 (共识问题) [2/3]
  [PIPELINE] 按摘要修订第 2 章 (retries=2, 总超时=1200s) ...
  [PIPELINE] 第 2 章: 7.2 -> 6.8
  [PIPELINE] 针对性修订 第 2 章 完成 ✓ (7.2 -> 6.8)

  [PIPELINE BANNER]   修订 第 3 章 (共识问题) [3/3]
  [PIPELINE] 按摘要修订第 3 章 (retries=2, 总超时=1200s) ...
  [PIPELINE] 第 3 章: 7.0 -> 7.5
  [PIPELINE] 针对性修订 第 3 章 完成 ✓ (7.0 -> 7.5)
  [PIPELINE] 采样评估 — 每卷随机 5 章 ...
  [PIPELINE]   采样评估 第 1 章 (卷 1): 7.199999999999999
  [PIPELINE]   采样评估 第 2 章 (卷 1): -1.0
  [PIPELINE]   采样评估 第 3 章 (卷 1): 8.0
  [PIPELINE] 采样弱章: [2]
  [PIPELINE] 无额外修订目标
  [PIPELINE] 运行全文评估 (总超时=600s, 2次取中位数) ...
  [PIPELINE] 小说评分: 6.2  (前次: 7.5, 字数: 16027)

  [PIPELINE BANNER] 修订 循环 3/3
  [PIPELINE] 对抗性编辑全部章节 (retries=2, 总超时=1200s) ...
  [PIPELINE] 对抗性编辑全部章节 完成 ✓
  [PIPELINE] 应用机械裁剪 (OVER_EXPLAIN, REDUNDANT) ...
  [PIPELINE] 运行读者评审团 (retries=2, 总超时=600s) ...
  [PIPELINE] 读者评审团 完成 ✓
  [PIPELINE] 发现 3 个共识问题:

  [PIPELINE BANNER]   修订 第 1 章 (共识问题) [1/3]
  [PIPELINE] 按摘要修订第 1 章 (retries=2, 总超时=1200s) ...
  [PIPELINE] 第 1 章: 7.800000000000001 -> 7.0
  [PIPELINE] 针对性修订 第 1 章 完成 ✓ (7.800000000000001 -> 7.0)
  [PIPELINE] 修订使评分下降 (7.0 < 7.800000000000001)，回退

  [PIPELINE BANNER]   修订 第 2 章 (共识问题) [2/3]
  [PIPELINE] 按摘要修订第 2 章 (retries=2, 总超时=1200s) ...
  [PIPELINE] 第 2 章: 7.0 -> 8.0
  [PIPELINE] 针对性修订 第 2 章 完成 ✓ (7.0 -> 8.0)

  [PIPELINE BANNER]   修订 第 3 章 (共识问题) [3/3]
  [PIPELINE] 按摘要修订第 3 章 (retries=2, 总超时=1200s) ...
  [PIPELINE] 第 3 章: 8.0 -> 6.2
  [PIPELINE] 针对性修订 第 3 章 完成 ✓ (8.0 -> 6.2)
  [PIPELINE] 修订使评分下降 (6.2 < 8.0)，回退
  [PIPELINE] 采样评估 — 每卷随机 5 章 ...
  [PIPELINE]   采样评估 第 1 章 (卷 1): -1.0
  [PIPELINE]   采样评估 第 2 章 (卷 1): 7.0
  [PIPELINE]   采样评估 第 3 章 (卷 1): 8.0
  [PIPELINE] 采样弱章: [1]
  [PIPELINE] 无额外修订目标
  [PIPELINE] 运行全文评估 (总超时=600s, 2次取中位数) ...
  [PIPELINE] 小说评分: 7.0  (前次: 6.2, 字数: 13988)

  [PIPELINE BANNER] 审阅修订 轮次 1/3
  [PIPELINE] 提交手稿给裁判模型深度审阅 ...
  [PIPELINE] 审阅结果: ★, 7 严重问题
  [PIPELINE] 审阅修订闭环跳过: cannot access local variable 'total' where it is not associated with a value

  [PIPELINE BANNER] 修订完成 — 3 循环, 小说评分 7.0

  [PIPELINE BANNER] PHASE 4: EXPORT (导出)
  [PIPELINE] 从章节重建大纲 outline.md ...
  [PIPELINE] 构建弧线摘要 arc_summary.md ...
  [PIPELINE] 拼接完整手稿 manuscript.md ...
  [PIPELINE] 手稿: 3 章, 13988 字

  [PIPELINE BANNER] 导出完成 — 3 章, 13988 字

  [PIPELINE BANNER] [DONE] 流水线完成！
  [INSTR ✅] 16:39:43.164  E2E1.run_pipeline(from_scratch) — 完成, 耗时 6848.8s
  [INSTR ✅] 16:39:43.164  全流水线完成 — 总耗时 114.1min

──────────────────────────────────────────────────────────────────────
  [INSTR #4] 16:39:43.164  ═══ 验证产出 ═══
──────────────────────────────────────────────────────────────────────

──────────────────────────────────────────────────────────────────────
  [INSTR #5] 16:39:43.171  验证 A1: Phase 1 文件产出
──────────────────────────────────────────────────────────────────────
  [INSTR ✅] 16:39:43.171  VERIFY FILE world.md: 12624B
  [INSTR ✅] 16:39:43.171  VERIFY FILE characters.md: 13987B
  [INSTR ✅] 16:39:43.171  VERIFY FILE outline_volume.md: 20845B
  [INSTR ✅] 16:39:43.171  VERIFY FILE outline.md: 4639B
  [INSTR ✅] 16:39:43.171  VERIFY FILE canon.md: 34350B
  [INSTR ✅] 16:39:43.171  VERIFY FILE voice.md: 11026B
  [INSTR ✅] 16:39:43.171  A1: 全部 Foundation 文件产出 ✓

──────────────────────────────────────────────────────────────────────
  [INSTR #6] 16:39:43.171  验证 A2: Phase 2 章节文件
──────────────────────────────────────────────────────────────────────
  [INSTR ✅] 16:39:43.171  VERIFY FILE ch_01.md: 14285B
  [INSTR LOG] 16:39:43.172    ch_01.md: 4556 字
  [INSTR ✅] 16:39:43.172  VERIFY FILE ch_02.md: 8301B
  [INSTR LOG] 16:39:43.172    ch_02.md: 2560 字
  [INSTR ✅] 16:39:43.172  VERIFY FILE ch_03.md: 22022B
  [INSTR LOG] 16:39:43.172    ch_03.md: 6872 字
  [INSTR ✅] 16:39:43.172  A2: 全部 3 章产出 ✓

──────────────────────────────────────────────────────────────────────
  [INSTR #7] 16:39:43.172  验证 A3: Phase 4 manuscript.md
──────────────────────────────────────────────────────────────────────
  [INSTR ✅] 16:39:43.172  VERIFY FILE manuscript.md: 44734B
  [INSTR LOG] 16:39:43.179    manuscript.md: 14027 字
  [INSTR LOG] 16:39:43.179    manuscript.md 包含 3/3 章标题

──────────────────────────────────────────────────────────────────────
  [INSTR #8] 16:39:43.179  验证 A4: state.json 最终状态
──────────────────────────────────────────────────────────────────────
  [INSTR LOG] 16:39:43.179    state: phase=complete drafted=3/3 revision_cycle=3 novel_score=7.0 foundation_score=8.0
  [INSTR ✅] 16:39:43.179  VERIFY A4/phase=complete: phase=complete
  [INSTR ✅] 16:39:43.179  VERIFY A4/chapters_drafted: drafted=3
  [INSTR ✅] 16:39:43.179  VERIFY A4/chapters_total: total=3

──────────────────────────────────────────────────────────────────────
  [INSTR #9] 16:39:43.179  验证 A5: results.tsv
──────────────────────────────────────────────────────────────────────
  [INSTR ✅] 16:39:43.179  VERIFY FILE results.tsv: 4735B
  [INSTR LOG] 16:39:43.185    results.tsv: 74 行记录
  [INSTR LOG] 16:39:43.185    阶段: ['ch01', 'ch02', 'ch03', 'export', 'foundation', 'phase', 'rev-ch03', 'review-rev-ch01', 'review-rev-ch03', 'review-rev-ch04', 'review-revision-round-3', 'revision-cycle-1', 'revision-cycle-2', 'revision-cycle-3', 'revision-cycle-4', 'revision-cycle-5', 'revision-cycle-6']
  [INSTR LOG] 16:39:43.185    ★ 质量循环覆盖: 6 条 discard 记录
  [INSTR LOG] 16:39:43.185      discard: stage=foundation score=-1.0 reason=迭代 20: 未提升 (-1.0 <= 0.0)
  [INSTR LOG] 16:39:43.185      discard: stage=review-rev-ch03 score=-1.0 reason=审阅修订 轮次3: ch03 倒退 6.8->-1.0
  [INSTR LOG] 16:39:43.185      discard: stage=review-rev-ch01 score=6.0 reason=审阅修订 轮次3: ch01 倒退 6.5->6.0
  [INSTR LOG] 16:39:43.185      discard: stage=review-rev-ch01 score=8.0 reason=审阅修订 轮次3: ch01 倒退 9.0->8.0
  [INSTR LOG] 16:39:43.185      discard: stage=review-rev-ch01 score=7.3 reason=审阅修订 轮次3: ch01 倒退 8.0->7.3
  [INSTR LOG] 16:39:43.185      discard: stage=rev-ch03 score=6.2 reason=循环 3: 共识问题 倒退 8.0->6.2
  [INSTR LOG] 16:39:43.185    keep: 24 条记录
  [INSTR ✅] 16:39:43.185  A6: 零崩溃 / 零未捕获异常 ✓ (执行到达此点)

──────────────────────────────────────────────────────────────────────
  [INSTR #10] 16:39:43.185  验证 B1-B6: 质量循环路径覆盖（观察性）
──────────────────────────────────────────────────────────────────────
  [INSTR LOG] 16:39:43.185  B1 Foundation 重试: 10 行 (keep=9, discard=1)
  [INSTR ✅] 16:39:43.185  B1: Foundation 重试循环已触发 ✓
  [INSTR LOG] 16:39:43.185  B3 canon 警告: 请检查上方 [PIPELINE] 日志中是否出现 '⚠ 警告: 正典条目'
  [INSTR LOG] 16:39:43.185  B4 平台期: revision_cycle=3，达到 max 上限，未触发提前停止
  [INSTR ✅] 16:39:43.185  B5: Foundation discard → git_reset_hard 链路未崩溃 ✓
  [INSTR ✅] 16:39:43.185  B6: 修订回退: 5 条 discard → 链路未崩溃 ✓

──────────────────────────────────────────────────────────────────────
  [INSTR #11] 16:39:43.185  验证 C1-C4: 业务正确性
──────────────────────────────────────────────────────────────────────
  [INSTR LOG] 16:39:43.185  C1 增量 canon: canon_entry_count=428
  [INSTR ✅] 16:39:43.185  C1: 增量 canon 正常 (428 条) ✓
  [INSTR LOG] 16:39:43.185  C2 文风指纹: 请检查上方 [PIPELINE] 日志中是否出现 '文风指纹'
  [INSTR LOG] 16:39:43.185  C3 反模式审计: 请检查上方 [PIPELINE] 日志中是否出现 '结构反模式'
  [INSTR ✅] 16:39:43.185  C4: results.tsv 各阶段记录完整 ✓

──────────────────────────────────────────────────────────────────────
  [INSTR #12] 16:39:43.185  ═══ 验证结果汇总 ═══
──────────────────────────────────────────────────────────────────────
  [INSTR ✅] 16:39:43.185  全部结构完整性验证 (A1-A6) 通过 ✓
  [INSTR LOG] 16:39:43.185  
  [INSTR LOG] 16:39:43.185  观察性验证项（未触发不判失败，需人工判断）：
  [INSTR LOG] 16:39:43.185    📋 B2: 所有章节一次通过，未触发 retry

======================================================================
  ✅ Stage 4 E2E-1 全插桩执行完成 — 结构完整性全部通过!
  总耗时: 114.1min
  配置: 1卷×3章=3章
  质量阈值: foundation=7.5, chapter=6.0, plateau_delta=0.3
  迭代上限: foundation_iters=3, ch_attempts=3, rev_cycles=3
  观察性验证: 1 项需人工判断
======================================================================
