[09:43:14.612] [CANON_LOW] [pipeline_orchestrator.py:129 run_foundation]canon entries below threshold | canon_total=389, threshold=400, iter=2, max_iters=3
[09:45:53.552] [FOUNDATION_DISCARD] [pipeline_orchestrator.py:169 run_foundation]foundation score not improved | score=6.5, best_score=7.0, iter=2, threshold=7.5, max_iters=3
[09:45:53.552] [GIT_RESET] [state_manager.py:196 git_reset_hard]hard reset to HEAD | git_mode=True, ref=HEAD
[09:53:35.072] [CANON_LOW] [pipeline_orchestrator.py:129 run_foundation]canon entries below threshold | canon_total=0, threshold=400, iter=3, max_iters=3
[09:55:44.655] [FOUNDATION_DISCARD] [pipeline_orchestrator.py:169 run_foundation]foundation score not improved | score=7.0, best_score=7.0, iter=3, threshold=7.5, max_iters=3
[09:55:44.656] [GIT_RESET] [state_manager.py:196 git_reset_hard]hard reset to HEAD | git_mode=True, ref=HEAD
[09:55:44.852] [CHAPTERS_TOTAL] [pipeline_orchestrator.py:186 run_foundation]total chapters determined | total=3, volumes_outlined=0, ch_per_vol=0
[10:28:49.929] [SENTINEL_PARSE] [state_manager.py:393 parse_score]parse_score returned -1.0 for key=overall_score | input_len=7061, input_preview=# 长篇小说第2章深度评审报告

## 一、PROSE（文笔——权重20%）

### 1. prose_quality (文笔质量): 7/10

**最大弱点：部分描述存在“过度写作”倾向，用多个句子表达一个意象，稀释了冲击力。**

引用原文：
> “路灯把他的影子拉长又缩短，从一个灯柱到下一个灯柱。路上没有车，没有行人。凌晨的街道像一条干涸的河床。”

问题分析：三个句子都在描述“凌晨街道
[10:32:02.552] [SENTINEL_PARSE] [state_manager.py:393 parse_score]parse_score returned -1.0 for key=overall_score | input_len=7093, input_preview=# 长篇小说第3章深度评审报告

## 一、PROSE（文笔——权重20%）

### 1. prose_quality (文笔质量): **7/10**

**最大弱点：** 部分段落存在“过度写作”——一句话能说清的事用了三句，且重复性描述削弱了冲击力。

**引用原文：**
> “他翻身，看手机。6:03。再翻身。6:11。再翻身。6:17。”

这个序列在第一次出现时有节奏感，但连续三次“
[10:55:09.154] [SENTINEL_PARSE] [state_manager.py:393 parse_score]parse_score returned -1.0 for key=overall_score | input_len=6903, input_preview=# 长篇小说第3章深度评审报告

## 评分校准确认
- AI生成章节中位数：6
- 本章预期评分区间：6-7（可用但单薄，有重大缺口或套路化选择）

---

## 维度一：prose_quality（文笔质量）—— 6/10

### 最大弱点
**过度依赖短句堆砌，缺乏句子节奏的有机变化。** 第3章开篇连续使用7个短句描述林深失眠：
> “他躺在床上，盯着天花板。那块水渍还在，蜷缩的猫。窗
[11:38:23.467] [SENTINEL_PARSE] [state_manager.py:393 parse_score]parse_score returned -1.0 for key=overall_score | input_len=6996, input_preview=# 长篇小说第1章深度评审报告

## 整体评估

本章作为开篇章节，成功建立了核心悬念和紧张氛围，技术细节真实可信，节奏控制得当。但存在若干工艺问题：对话标签使用过度、部分描述冗余、角色声音缺乏区分度、以及AI写作模式的痕迹。以下逐维度分析。

---

## 维度一：PROSE_QUALITY（文笔质量）— 6.5/10

### 最大弱点
**过度依赖“他+动作”句式，导致节奏单调。**


[11:46:33.501] [PLATEAU_DETECT] [pipeline_orchestrator.py:864 run_revision]plateau detected, stopping revision | novel_score=6.2, prev_score=6.5, delta=-0.3, threshold=0.3, cycle=4
[11:49:52.949] [REV_BACK_C] [pipeline_orchestrator.py:1077 _run_review_revision_loop]Path C: review revision score dropped | ch_num=3, pre_score=7.5, post_score=7.0, rnd=1
[11:49:52.949] [GIT_RESET] [state_manager.py:196 git_reset_hard]hard reset to HEAD | git_mode=True, ref=HEAD
[11:52:10.101] [SENTINEL_PARSE] [state_manager.py:393 parse_score]parse_score returned -1.0 for key=overall_score | input_len=7101, input_preview=# 长篇小说第2章深度评审报告

## 一、PROSE（文笔——权重20%）

### 1. prose_quality（文笔质量）：7/10

**最大弱点：**
部分段落存在“过度写作”——一句话能说清的事用了三句，且重复性描述削弱了冲击力。

引用原文：
> “路灯把他的影子拉长又缩短，从一个灯柱到下一个灯柱。路上没有车，没有行人。凌晨的街道像一条干涸的河床。”

以及本章结尾：
> “路灯
[12:03:05.570] [REV_BACK_C] [pipeline_orchestrator.py:1077 _run_review_revision_loop]Path C: review revision score dropped | ch_num=1, pre_score=7.2, post_score=6.8, rnd=1
[12:03:05.571] [GIT_RESET] [state_manager.py:196 git_reset_hard]hard reset to HEAD | git_mode=True, ref=HEAD
[12:29:37.959] [REV_BACK_C] [pipeline_orchestrator.py:1077 _run_review_revision_loop]Path C: review revision score dropped | ch_num=3, pre_score=7.5, post_score=7.2, rnd=3
[12:29:37.959] [GIT_RESET] [state_manager.py:196 git_reset_hard]hard reset to HEAD | git_mode=True, ref=HEAD
[12:37:00.840] [REV_BACK_C] [pipeline_orchestrator.py:1077 _run_review_revision_loop]Path C: review revision score dropped | ch_num=2, pre_score=7.0, post_score=6.8, rnd=3
[12:37:00.841] [GIT_RESET] [state_manager.py:196 git_reset_hard]hard reset to HEAD | git_mode=True, ref=HEAD
[12:44:06.597] [REV_BACK_C] [pipeline_orchestrator.py:1077 _run_review_revision_loop]Path C: review revision score dropped | ch_num=1, pre_score=6.5, post_score=6.0, rnd=3
[12:44:06.598] [GIT_RESET] [state_manager.py:196 git_reset_hard]hard reset to HEAD | git_mode=True, ref=HEAD
